// Jest Snapshot v1, https://goo.gl/fbAQLP

exports[`<Product /> renders without crash 1`] = `
ShallowWrapper {
  Symbol(enzyme.__root__): [Circular],
  Symbol(enzyme.__unrendered__): <Product
    className={null}
    data={
      Object {
        "category": "t-shirts",
        "id": "1",
        "name": "t-shirt",
        "price": 500,
        "src": "assets/img/t-shirt.png",
      }
    }
    onAdd={[MockFunction]}
  />,
  Symbol(enzyme.__renderer__): Object {
    "batchedUpdates": [Function],
    "getNode": [Function],
    "render": [Function],
    "simulateError": [Function],
    "simulateEvent": [Function],
    "unmount": [Function],
  },
  Symbol(enzyme.__node__): Object {
    "instance": null,
    "key": undefined,
    "nodeType": "host",
    "props": Object {
      "children": Array [
        <div
          className="product__img-container"
        >
          <img
            alt="t-shirt"
            className="product__img"
            src="assets/img/t-shirt.png"
          />
        </div>,
        <div
          className="product__data"
        >
          <div
            className="product__name"
          >
            t-shirt
          </div>
          <div
            className="product__details"
          >
            <div
              className="product__price"
            >
              $ 
              500
            </div>
            <button
              className="product__buy-btn"
              onClick={[Function]}
              type="button"
            >
              Buy
            </button>
          </div>
        </div>,
      ],
      "className": "product",
    },
    "ref": null,
    "rendered": Array [
      Object {
        "instance": null,
        "key": undefined,
        "nodeType": "host",
        "props": Object {
          "children": <img
            alt="t-shirt"
            className="product__img"
            src="assets/img/t-shirt.png"
          />,
          "className": "product__img-container",
        },
        "ref": null,
        "rendered": Object {
          "instance": null,
          "key": undefined,
          "nodeType": "host",
          "props": Object {
            "alt": "t-shirt",
            "className": "product__img",
            "src": "assets/img/t-shirt.png",
          },
          "ref": null,
          "rendered": null,
          "type": "img",
        },
        "type": "div",
      },
      Object {
        "instance": null,
        "key": undefined,
        "nodeType": "host",
        "props": Object {
          "children": Array [
            <div
              className="product__name"
            >
              t-shirt
            </div>,
            <div
              className="product__details"
            >
              <div
                className="product__price"
              >
                $ 
                500
              </div>
              <button
                className="product__buy-btn"
                onClick={[Function]}
                type="button"
              >
                Buy
              </button>
            </div>,
          ],
          "className": "product__data",
        },
        "ref": null,
        "rendered": Array [
          Object {
            "instance": null,
            "key": undefined,
            "nodeType": "host",
            "props": Object {
              "children": "t-shirt",
              "className": "product__name",
            },
            "ref": null,
            "rendered": "t-shirt",
            "type": "div",
          },
          Object {
            "instance": null,
            "key": undefined,
            "nodeType": "host",
            "props": Object {
              "children": Array [
                <div
                  className="product__price"
                >
                  $ 
                  500
                </div>,
                <button
                  className="product__buy-btn"
                  onClick={[Function]}
                  type="button"
                >
                  Buy
                </button>,
              ],
              "className": "product__details",
            },
            "ref": null,
            "rendered": Array [
              Object {
                "instance": null,
                "key": undefined,
                "nodeType": "host",
                "props": Object {
                  "children": Array [
                    "$ ",
                    500,
                  ],
                  "className": "product__price",
                },
                "ref": null,
                "rendered": Array [
                  "$ ",
                  500,
                ],
                "type": "div",
              },
              Object {
                "instance": null,
                "key": undefined,
                "nodeType": "host",
                "props": Object {
                  "children": "Buy",
                  "className": "product__buy-btn",
                  "onClick": [Function],
                  "type": "button",
                },
                "ref": null,
                "rendered": "Buy",
                "type": "button",
              },
            ],
            "type": "div",
          },
        ],
        "type": "div",
      },
    ],
    "type": "div",
  },
  Symbol(enzyme.__nodes__): Array [
    Object {
      "instance": null,
      "key": undefined,
      "nodeType": "host",
      "props": Object {
        "children": Array [
          <div
            className="product__img-container"
          >
            <img
              alt="t-shirt"
              className="product__img"
              src="assets/img/t-shirt.png"
            />
          </div>,
          <div
            className="product__data"
          >
            <div
              className="product__name"
            >
              t-shirt
            </div>
            <div
              className="product__details"
            >
              <div
                className="product__price"
              >
                $ 
                500
              </div>
              <button
                className="product__buy-btn"
                onClick={[Function]}
                type="button"
              >
                Buy
              </button>
            </div>
          </div>,
        ],
        "className": "product",
      },
      "ref": null,
      "rendered": Array [
        Object {
          "instance": null,
          "key": undefined,
          "nodeType": "host",
          "props": Object {
            "children": <img
              alt="t-shirt"
              className="product__img"
              src="assets/img/t-shirt.png"
            />,
            "className": "product__img-container",
          },
          "ref": null,
          "rendered": Object {
            "instance": null,
            "key": undefined,
            "nodeType": "host",
            "props": Object {
              "alt": "t-shirt",
              "className": "product__img",
              "src": "assets/img/t-shirt.png",
            },
            "ref": null,
            "rendered": null,
            "type": "img",
          },
          "type": "div",
        },
        Object {
          "instance": null,
          "key": undefined,
          "nodeType": "host",
          "props": Object {
            "children": Array [
              <div
                className="product__name"
              >
                t-shirt
              </div>,
              <div
                className="product__details"
              >
                <div
                  className="product__price"
                >
                  $ 
                  500
                </div>
                <button
                  className="product__buy-btn"
                  onClick={[Function]}
                  type="button"
                >
                  Buy
                </button>
              </div>,
            ],
            "className": "product__data",
          },
          "ref": null,
          "rendered": Array [
            Object {
              "instance": null,
              "key": undefined,
              "nodeType": "host",
              "props": Object {
                "children": "t-shirt",
                "className": "product__name",
              },
              "ref": null,
              "rendered": "t-shirt",
              "type": "div",
            },
            Object {
              "instance": null,
              "key": undefined,
              "nodeType": "host",
              "props": Object {
                "children": Array [
                  <div
                    className="product__price"
                  >
                    $ 
                    500
                  </div>,
                  <button
                    className="product__buy-btn"
                    onClick={[Function]}
                    type="button"
                  >
                    Buy
                  </button>,
                ],
                "className": "product__details",
              },
              "ref": null,
              "rendered": Array [
                Object {
                  "instance": null,
                  "key": undefined,
                  "nodeType": "host",
                  "props": Object {
                    "children": Array [
                      "$ ",
                      500,
                    ],
                    "className": "product__price",
                  },
                  "ref": null,
                  "rendered": Array [
                    "$ ",
                    500,
                  ],
                  "type": "div",
                },
                Object {
                  "instance": null,
                  "key": undefined,
                  "nodeType": "host",
                  "props": Object {
                    "children": "Buy",
                    "className": "product__buy-btn",
                    "onClick": [Function],
                    "type": "button",
                  },
                  "ref": null,
                  "rendered": "Buy",
                  "type": "button",
                },
              ],
              "type": "div",
            },
          ],
          "type": "div",
        },
      ],
      "type": "div",
    },
  ],
  Symbol(enzyme.__options__): Object {
    "adapter": ReactSixteenAdapter {
      "options": Object {
        "enableComponentDidUpdateOnSetState": true,
        "lifecycles": Object {
          "componentDidUpdate": Object {
            "onSetState": true,
          },
          "getDerivedStateFromProps": true,
          "getSnapshotBeforeUpdate": true,
          "setState": Object {
            "skipsComponentDidUpdateOnNullish": true,
          },
        },
      },
    },
  },
}
`;
