// Jest Snapshot v1, https://goo.gl/fbAQLP

exports[`<CategoriesCarousel /> renders without crash 1`] = `
ShallowWrapper {
  Symbol(enzyme.__root__): [Circular],
  Symbol(enzyme.__unrendered__): <CategoriesCarousel
    categories={
      Array [
        Object {
          "name": "tshirts",
          "src": "img/categories/t-shirt.png",
        },
        Object {
          "name": "shoes",
          "src": "img/categories/shoes.png",
        },
        Object {
          "name": "accesories",
          "src": "img/categories/purse.png",
        },
      ]
    }
  />,
  Symbol(enzyme.__renderer__): Object {
    "batchedUpdates": [Function],
    "getNode": [Function],
    "render": [Function],
    "simulateError": [Function],
    "simulateEvent": [Function],
    "unmount": [Function],
  },
  Symbol(enzyme.__node__): Object {
    "instance": null,
    "key": undefined,
    "nodeType": "host",
    "props": Object {
      "children": <div
        className="swiper-wrapper"
      >
        <div
          className="swiper-slide category"
        >
          <div
            className="category__img-container"
          >
            <img
              alt="tshirts"
              className="category__img"
              src="img/categories/t-shirt.png"
            />
          </div>
          <div
            className="category__info"
          >
            <div
              className="category__name"
            >
              tshirts
            </div>
            <button
              className="category__btn"
              name="shop"
              type="button"
            >
              Buy
            </button>
          </div>
        </div>
        <div
          className="swiper-slide category"
        >
          <div
            className="category__img-container"
          >
            <img
              alt="shoes"
              className="category__img"
              src="img/categories/shoes.png"
            />
          </div>
          <div
            className="category__info"
          >
            <div
              className="category__name"
            >
              shoes
            </div>
            <button
              className="category__btn"
              name="shop"
              type="button"
            >
              Buy
            </button>
          </div>
        </div>
        <div
          className="swiper-slide category"
        >
          <div
            className="category__img-container"
          >
            <img
              alt="accesories"
              className="category__img"
              src="img/categories/purse.png"
            />
          </div>
          <div
            className="category__info"
          >
            <div
              className="category__name"
            >
              accesories
            </div>
            <button
              className="category__btn"
              name="shop"
              type="button"
            >
              Buy
            </button>
          </div>
        </div>
      </div>,
      "className": "swiper-container",
    },
    "ref": Object {
      "current": null,
    },
    "rendered": Object {
      "instance": null,
      "key": undefined,
      "nodeType": "host",
      "props": Object {
        "children": Array [
          <div
            className="swiper-slide category"
          >
            <div
              className="category__img-container"
            >
              <img
                alt="tshirts"
                className="category__img"
                src="img/categories/t-shirt.png"
              />
            </div>
            <div
              className="category__info"
            >
              <div
                className="category__name"
              >
                tshirts
              </div>
              <button
                className="category__btn"
                name="shop"
                type="button"
              >
                Buy
              </button>
            </div>
          </div>,
          <div
            className="swiper-slide category"
          >
            <div
              className="category__img-container"
            >
              <img
                alt="shoes"
                className="category__img"
                src="img/categories/shoes.png"
              />
            </div>
            <div
              className="category__info"
            >
              <div
                className="category__name"
              >
                shoes
              </div>
              <button
                className="category__btn"
                name="shop"
                type="button"
              >
                Buy
              </button>
            </div>
          </div>,
          <div
            className="swiper-slide category"
          >
            <div
              className="category__img-container"
            >
              <img
                alt="accesories"
                className="category__img"
                src="img/categories/purse.png"
              />
            </div>
            <div
              className="category__info"
            >
              <div
                className="category__name"
              >
                accesories
              </div>
              <button
                className="category__btn"
                name="shop"
                type="button"
              >
                Buy
              </button>
            </div>
          </div>,
        ],
        "className": "swiper-wrapper",
      },
      "ref": null,
      "rendered": Array [
        Object {
          "instance": null,
          "key": "tshirts",
          "nodeType": "host",
          "props": Object {
            "children": Array [
              <div
                className="category__img-container"
              >
                <img
                  alt="tshirts"
                  className="category__img"
                  src="img/categories/t-shirt.png"
                />
              </div>,
              <div
                className="category__info"
              >
                <div
                  className="category__name"
                >
                  tshirts
                </div>
                <button
                  className="category__btn"
                  name="shop"
                  type="button"
                >
                  Buy
                </button>
              </div>,
            ],
            "className": "swiper-slide category",
          },
          "ref": null,
          "rendered": Array [
            Object {
              "instance": null,
              "key": undefined,
              "nodeType": "host",
              "props": Object {
                "children": <img
                  alt="tshirts"
                  className="category__img"
                  src="img/categories/t-shirt.png"
                />,
                "className": "category__img-container",
              },
              "ref": null,
              "rendered": Object {
                "instance": null,
                "key": undefined,
                "nodeType": "host",
                "props": Object {
                  "alt": "tshirts",
                  "className": "category__img",
                  "src": "img/categories/t-shirt.png",
                },
                "ref": null,
                "rendered": null,
                "type": "img",
              },
              "type": "div",
            },
            Object {
              "instance": null,
              "key": undefined,
              "nodeType": "host",
              "props": Object {
                "children": Array [
                  <div
                    className="category__name"
                  >
                    tshirts
                  </div>,
                  <button
                    className="category__btn"
                    name="shop"
                    type="button"
                  >
                    Buy
                  </button>,
                ],
                "className": "category__info",
              },
              "ref": null,
              "rendered": Array [
                Object {
                  "instance": null,
                  "key": undefined,
                  "nodeType": "host",
                  "props": Object {
                    "children": "tshirts",
                    "className": "category__name",
                  },
                  "ref": null,
                  "rendered": "tshirts",
                  "type": "div",
                },
                Object {
                  "instance": null,
                  "key": undefined,
                  "nodeType": "host",
                  "props": Object {
                    "children": "Buy",
                    "className": "category__btn",
                    "name": "shop",
                    "type": "button",
                  },
                  "ref": null,
                  "rendered": "Buy",
                  "type": "button",
                },
              ],
              "type": "div",
            },
          ],
          "type": "div",
        },
        Object {
          "instance": null,
          "key": "shoes",
          "nodeType": "host",
          "props": Object {
            "children": Array [
              <div
                className="category__img-container"
              >
                <img
                  alt="shoes"
                  className="category__img"
                  src="img/categories/shoes.png"
                />
              </div>,
              <div
                className="category__info"
              >
                <div
                  className="category__name"
                >
                  shoes
                </div>
                <button
                  className="category__btn"
                  name="shop"
                  type="button"
                >
                  Buy
                </button>
              </div>,
            ],
            "className": "swiper-slide category",
          },
          "ref": null,
          "rendered": Array [
            Object {
              "instance": null,
              "key": undefined,
              "nodeType": "host",
              "props": Object {
                "children": <img
                  alt="shoes"
                  className="category__img"
                  src="img/categories/shoes.png"
                />,
                "className": "category__img-container",
              },
              "ref": null,
              "rendered": Object {
                "instance": null,
                "key": undefined,
                "nodeType": "host",
                "props": Object {
                  "alt": "shoes",
                  "className": "category__img",
                  "src": "img/categories/shoes.png",
                },
                "ref": null,
                "rendered": null,
                "type": "img",
              },
              "type": "div",
            },
            Object {
              "instance": null,
              "key": undefined,
              "nodeType": "host",
              "props": Object {
                "children": Array [
                  <div
                    className="category__name"
                  >
                    shoes
                  </div>,
                  <button
                    className="category__btn"
                    name="shop"
                    type="button"
                  >
                    Buy
                  </button>,
                ],
                "className": "category__info",
              },
              "ref": null,
              "rendered": Array [
                Object {
                  "instance": null,
                  "key": undefined,
                  "nodeType": "host",
                  "props": Object {
                    "children": "shoes",
                    "className": "category__name",
                  },
                  "ref": null,
                  "rendered": "shoes",
                  "type": "div",
                },
                Object {
                  "instance": null,
                  "key": undefined,
                  "nodeType": "host",
                  "props": Object {
                    "children": "Buy",
                    "className": "category__btn",
                    "name": "shop",
                    "type": "button",
                  },
                  "ref": null,
                  "rendered": "Buy",
                  "type": "button",
                },
              ],
              "type": "div",
            },
          ],
          "type": "div",
        },
        Object {
          "instance": null,
          "key": "accesories",
          "nodeType": "host",
          "props": Object {
            "children": Array [
              <div
                className="category__img-container"
              >
                <img
                  alt="accesories"
                  className="category__img"
                  src="img/categories/purse.png"
                />
              </div>,
              <div
                className="category__info"
              >
                <div
                  className="category__name"
                >
                  accesories
                </div>
                <button
                  className="category__btn"
                  name="shop"
                  type="button"
                >
                  Buy
                </button>
              </div>,
            ],
            "className": "swiper-slide category",
          },
          "ref": null,
          "rendered": Array [
            Object {
              "instance": null,
              "key": undefined,
              "nodeType": "host",
              "props": Object {
                "children": <img
                  alt="accesories"
                  className="category__img"
                  src="img/categories/purse.png"
                />,
                "className": "category__img-container",
              },
              "ref": null,
              "rendered": Object {
                "instance": null,
                "key": undefined,
                "nodeType": "host",
                "props": Object {
                  "alt": "accesories",
                  "className": "category__img",
                  "src": "img/categories/purse.png",
                },
                "ref": null,
                "rendered": null,
                "type": "img",
              },
              "type": "div",
            },
            Object {
              "instance": null,
              "key": undefined,
              "nodeType": "host",
              "props": Object {
                "children": Array [
                  <div
                    className="category__name"
                  >
                    accesories
                  </div>,
                  <button
                    className="category__btn"
                    name="shop"
                    type="button"
                  >
                    Buy
                  </button>,
                ],
                "className": "category__info",
              },
              "ref": null,
              "rendered": Array [
                Object {
                  "instance": null,
                  "key": undefined,
                  "nodeType": "host",
                  "props": Object {
                    "children": "accesories",
                    "className": "category__name",
                  },
                  "ref": null,
                  "rendered": "accesories",
                  "type": "div",
                },
                Object {
                  "instance": null,
                  "key": undefined,
                  "nodeType": "host",
                  "props": Object {
                    "children": "Buy",
                    "className": "category__btn",
                    "name": "shop",
                    "type": "button",
                  },
                  "ref": null,
                  "rendered": "Buy",
                  "type": "button",
                },
              ],
              "type": "div",
            },
          ],
          "type": "div",
        },
      ],
      "type": "div",
    },
    "type": "div",
  },
  Symbol(enzyme.__nodes__): Array [
    Object {
      "instance": null,
      "key": undefined,
      "nodeType": "host",
      "props": Object {
        "children": <div
          className="swiper-wrapper"
        >
          <div
            className="swiper-slide category"
          >
            <div
              className="category__img-container"
            >
              <img
                alt="tshirts"
                className="category__img"
                src="img/categories/t-shirt.png"
              />
            </div>
            <div
              className="category__info"
            >
              <div
                className="category__name"
              >
                tshirts
              </div>
              <button
                className="category__btn"
                name="shop"
                type="button"
              >
                Buy
              </button>
            </div>
          </div>
          <div
            className="swiper-slide category"
          >
            <div
              className="category__img-container"
            >
              <img
                alt="shoes"
                className="category__img"
                src="img/categories/shoes.png"
              />
            </div>
            <div
              className="category__info"
            >
              <div
                className="category__name"
              >
                shoes
              </div>
              <button
                className="category__btn"
                name="shop"
                type="button"
              >
                Buy
              </button>
            </div>
          </div>
          <div
            className="swiper-slide category"
          >
            <div
              className="category__img-container"
            >
              <img
                alt="accesories"
                className="category__img"
                src="img/categories/purse.png"
              />
            </div>
            <div
              className="category__info"
            >
              <div
                className="category__name"
              >
                accesories
              </div>
              <button
                className="category__btn"
                name="shop"
                type="button"
              >
                Buy
              </button>
            </div>
          </div>
        </div>,
        "className": "swiper-container",
      },
      "ref": Object {
        "current": null,
      },
      "rendered": Object {
        "instance": null,
        "key": undefined,
        "nodeType": "host",
        "props": Object {
          "children": Array [
            <div
              className="swiper-slide category"
            >
              <div
                className="category__img-container"
              >
                <img
                  alt="tshirts"
                  className="category__img"
                  src="img/categories/t-shirt.png"
                />
              </div>
              <div
                className="category__info"
              >
                <div
                  className="category__name"
                >
                  tshirts
                </div>
                <button
                  className="category__btn"
                  name="shop"
                  type="button"
                >
                  Buy
                </button>
              </div>
            </div>,
            <div
              className="swiper-slide category"
            >
              <div
                className="category__img-container"
              >
                <img
                  alt="shoes"
                  className="category__img"
                  src="img/categories/shoes.png"
                />
              </div>
              <div
                className="category__info"
              >
                <div
                  className="category__name"
                >
                  shoes
                </div>
                <button
                  className="category__btn"
                  name="shop"
                  type="button"
                >
                  Buy
                </button>
              </div>
            </div>,
            <div
              className="swiper-slide category"
            >
              <div
                className="category__img-container"
              >
                <img
                  alt="accesories"
                  className="category__img"
                  src="img/categories/purse.png"
                />
              </div>
              <div
                className="category__info"
              >
                <div
                  className="category__name"
                >
                  accesories
                </div>
                <button
                  className="category__btn"
                  name="shop"
                  type="button"
                >
                  Buy
                </button>
              </div>
            </div>,
          ],
          "className": "swiper-wrapper",
        },
        "ref": null,
        "rendered": Array [
          Object {
            "instance": null,
            "key": "tshirts",
            "nodeType": "host",
            "props": Object {
              "children": Array [
                <div
                  className="category__img-container"
                >
                  <img
                    alt="tshirts"
                    className="category__img"
                    src="img/categories/t-shirt.png"
                  />
                </div>,
                <div
                  className="category__info"
                >
                  <div
                    className="category__name"
                  >
                    tshirts
                  </div>
                  <button
                    className="category__btn"
                    name="shop"
                    type="button"
                  >
                    Buy
                  </button>
                </div>,
              ],
              "className": "swiper-slide category",
            },
            "ref": null,
            "rendered": Array [
              Object {
                "instance": null,
                "key": undefined,
                "nodeType": "host",
                "props": Object {
                  "children": <img
                    alt="tshirts"
                    className="category__img"
                    src="img/categories/t-shirt.png"
                  />,
                  "className": "category__img-container",
                },
                "ref": null,
                "rendered": Object {
                  "instance": null,
                  "key": undefined,
                  "nodeType": "host",
                  "props": Object {
                    "alt": "tshirts",
                    "className": "category__img",
                    "src": "img/categories/t-shirt.png",
                  },
                  "ref": null,
                  "rendered": null,
                  "type": "img",
                },
                "type": "div",
              },
              Object {
                "instance": null,
                "key": undefined,
                "nodeType": "host",
                "props": Object {
                  "children": Array [
                    <div
                      className="category__name"
                    >
                      tshirts
                    </div>,
                    <button
                      className="category__btn"
                      name="shop"
                      type="button"
                    >
                      Buy
                    </button>,
                  ],
                  "className": "category__info",
                },
                "ref": null,
                "rendered": Array [
                  Object {
                    "instance": null,
                    "key": undefined,
                    "nodeType": "host",
                    "props": Object {
                      "children": "tshirts",
                      "className": "category__name",
                    },
                    "ref": null,
                    "rendered": "tshirts",
                    "type": "div",
                  },
                  Object {
                    "instance": null,
                    "key": undefined,
                    "nodeType": "host",
                    "props": Object {
                      "children": "Buy",
                      "className": "category__btn",
                      "name": "shop",
                      "type": "button",
                    },
                    "ref": null,
                    "rendered": "Buy",
                    "type": "button",
                  },
                ],
                "type": "div",
              },
            ],
            "type": "div",
          },
          Object {
            "instance": null,
            "key": "shoes",
            "nodeType": "host",
            "props": Object {
              "children": Array [
                <div
                  className="category__img-container"
                >
                  <img
                    alt="shoes"
                    className="category__img"
                    src="img/categories/shoes.png"
                  />
                </div>,
                <div
                  className="category__info"
                >
                  <div
                    className="category__name"
                  >
                    shoes
                  </div>
                  <button
                    className="category__btn"
                    name="shop"
                    type="button"
                  >
                    Buy
                  </button>
                </div>,
              ],
              "className": "swiper-slide category",
            },
            "ref": null,
            "rendered": Array [
              Object {
                "instance": null,
                "key": undefined,
                "nodeType": "host",
                "props": Object {
                  "children": <img
                    alt="shoes"
                    className="category__img"
                    src="img/categories/shoes.png"
                  />,
                  "className": "category__img-container",
                },
                "ref": null,
                "rendered": Object {
                  "instance": null,
                  "key": undefined,
                  "nodeType": "host",
                  "props": Object {
                    "alt": "shoes",
                    "className": "category__img",
                    "src": "img/categories/shoes.png",
                  },
                  "ref": null,
                  "rendered": null,
                  "type": "img",
                },
                "type": "div",
              },
              Object {
                "instance": null,
                "key": undefined,
                "nodeType": "host",
                "props": Object {
                  "children": Array [
                    <div
                      className="category__name"
                    >
                      shoes
                    </div>,
                    <button
                      className="category__btn"
                      name="shop"
                      type="button"
                    >
                      Buy
                    </button>,
                  ],
                  "className": "category__info",
                },
                "ref": null,
                "rendered": Array [
                  Object {
                    "instance": null,
                    "key": undefined,
                    "nodeType": "host",
                    "props": Object {
                      "children": "shoes",
                      "className": "category__name",
                    },
                    "ref": null,
                    "rendered": "shoes",
                    "type": "div",
                  },
                  Object {
                    "instance": null,
                    "key": undefined,
                    "nodeType": "host",
                    "props": Object {
                      "children": "Buy",
                      "className": "category__btn",
                      "name": "shop",
                      "type": "button",
                    },
                    "ref": null,
                    "rendered": "Buy",
                    "type": "button",
                  },
                ],
                "type": "div",
              },
            ],
            "type": "div",
          },
          Object {
            "instance": null,
            "key": "accesories",
            "nodeType": "host",
            "props": Object {
              "children": Array [
                <div
                  className="category__img-container"
                >
                  <img
                    alt="accesories"
                    className="category__img"
                    src="img/categories/purse.png"
                  />
                </div>,
                <div
                  className="category__info"
                >
                  <div
                    className="category__name"
                  >
                    accesories
                  </div>
                  <button
                    className="category__btn"
                    name="shop"
                    type="button"
                  >
                    Buy
                  </button>
                </div>,
              ],
              "className": "swiper-slide category",
            },
            "ref": null,
            "rendered": Array [
              Object {
                "instance": null,
                "key": undefined,
                "nodeType": "host",
                "props": Object {
                  "children": <img
                    alt="accesories"
                    className="category__img"
                    src="img/categories/purse.png"
                  />,
                  "className": "category__img-container",
                },
                "ref": null,
                "rendered": Object {
                  "instance": null,
                  "key": undefined,
                  "nodeType": "host",
                  "props": Object {
                    "alt": "accesories",
                    "className": "category__img",
                    "src": "img/categories/purse.png",
                  },
                  "ref": null,
                  "rendered": null,
                  "type": "img",
                },
                "type": "div",
              },
              Object {
                "instance": null,
                "key": undefined,
                "nodeType": "host",
                "props": Object {
                  "children": Array [
                    <div
                      className="category__name"
                    >
                      accesories
                    </div>,
                    <button
                      className="category__btn"
                      name="shop"
                      type="button"
                    >
                      Buy
                    </button>,
                  ],
                  "className": "category__info",
                },
                "ref": null,
                "rendered": Array [
                  Object {
                    "instance": null,
                    "key": undefined,
                    "nodeType": "host",
                    "props": Object {
                      "children": "accesories",
                      "className": "category__name",
                    },
                    "ref": null,
                    "rendered": "accesories",
                    "type": "div",
                  },
                  Object {
                    "instance": null,
                    "key": undefined,
                    "nodeType": "host",
                    "props": Object {
                      "children": "Buy",
                      "className": "category__btn",
                      "name": "shop",
                      "type": "button",
                    },
                    "ref": null,
                    "rendered": "Buy",
                    "type": "button",
                  },
                ],
                "type": "div",
              },
            ],
            "type": "div",
          },
        ],
        "type": "div",
      },
      "type": "div",
    },
  ],
  Symbol(enzyme.__options__): Object {
    "adapter": ReactSixteenAdapter {
      "options": Object {
        "enableComponentDidUpdateOnSetState": true,
        "lifecycles": Object {
          "componentDidUpdate": Object {
            "onSetState": true,
          },
          "getDerivedStateFromProps": true,
          "getSnapshotBeforeUpdate": true,
          "setState": Object {
            "skipsComponentDidUpdateOnNullish": true,
          },
        },
      },
    },
  },
}
`;
