// Jest Snapshot v1, https://goo.gl/fbAQLP

exports[`<Slide /> renders without crash 1`] = `
ShallowWrapper {
  Symbol(enzyme.__root__): [Circular],
  Symbol(enzyme.__unrendered__): <Slide
    className={null}
    slide={
      Object {
        "description": "Lorem ipsum dolor sit amet consectetur, adipisicing elit.",
        "heading": "2",
        "imgSrc": "img/carousel/t-shirt.png",
      }
    }
  />,
  Symbol(enzyme.__renderer__): Object {
    "batchedUpdates": [Function],
    "getNode": [Function],
    "render": [Function],
    "simulateError": [Function],
    "simulateEvent": [Function],
    "unmount": [Function],
  },
  Symbol(enzyme.__node__): Object {
    "instance": null,
    "key": undefined,
    "nodeType": "host",
    "props": Object {
      "children": Array [
        <div
          className="slide__img-container"
        >
          <img
            alt="2"
            className="slide__img"
            src="img/carousel/t-shirt.png"
          />
        </div>,
        <div
          className="slide__info"
        >
          <div
            className="slide__title"
          >
            2
          </div>
          <div
            className="slide__description"
          >
            Lorem ipsum dolor sit amet consectetur, adipisicing elit.
          </div>
          <button
            className="slide__btn"
            name="shop-now"
            type="button"
          >
            shop now
          </button>
        </div>,
      ],
      "className": "slide",
    },
    "ref": null,
    "rendered": Array [
      Object {
        "instance": null,
        "key": undefined,
        "nodeType": "host",
        "props": Object {
          "children": <img
            alt="2"
            className="slide__img"
            src="img/carousel/t-shirt.png"
          />,
          "className": "slide__img-container",
        },
        "ref": null,
        "rendered": Object {
          "instance": null,
          "key": undefined,
          "nodeType": "host",
          "props": Object {
            "alt": "2",
            "className": "slide__img",
            "src": "img/carousel/t-shirt.png",
          },
          "ref": null,
          "rendered": null,
          "type": "img",
        },
        "type": "div",
      },
      Object {
        "instance": null,
        "key": undefined,
        "nodeType": "host",
        "props": Object {
          "children": Array [
            <div
              className="slide__title"
            >
              2
            </div>,
            <div
              className="slide__description"
            >
              Lorem ipsum dolor sit amet consectetur, adipisicing elit.
            </div>,
            <button
              className="slide__btn"
              name="shop-now"
              type="button"
            >
              shop now
            </button>,
          ],
          "className": "slide__info",
        },
        "ref": null,
        "rendered": Array [
          Object {
            "instance": null,
            "key": undefined,
            "nodeType": "host",
            "props": Object {
              "children": "2",
              "className": "slide__title",
            },
            "ref": null,
            "rendered": "2",
            "type": "div",
          },
          Object {
            "instance": null,
            "key": undefined,
            "nodeType": "host",
            "props": Object {
              "children": "Lorem ipsum dolor sit amet consectetur, adipisicing elit.",
              "className": "slide__description",
            },
            "ref": null,
            "rendered": "Lorem ipsum dolor sit amet consectetur, adipisicing elit.",
            "type": "div",
          },
          Object {
            "instance": null,
            "key": undefined,
            "nodeType": "host",
            "props": Object {
              "children": "shop now",
              "className": "slide__btn",
              "name": "shop-now",
              "type": "button",
            },
            "ref": null,
            "rendered": "shop now",
            "type": "button",
          },
        ],
        "type": "div",
      },
    ],
    "type": "div",
  },
  Symbol(enzyme.__nodes__): Array [
    Object {
      "instance": null,
      "key": undefined,
      "nodeType": "host",
      "props": Object {
        "children": Array [
          <div
            className="slide__img-container"
          >
            <img
              alt="2"
              className="slide__img"
              src="img/carousel/t-shirt.png"
            />
          </div>,
          <div
            className="slide__info"
          >
            <div
              className="slide__title"
            >
              2
            </div>
            <div
              className="slide__description"
            >
              Lorem ipsum dolor sit amet consectetur, adipisicing elit.
            </div>
            <button
              className="slide__btn"
              name="shop-now"
              type="button"
            >
              shop now
            </button>
          </div>,
        ],
        "className": "slide",
      },
      "ref": null,
      "rendered": Array [
        Object {
          "instance": null,
          "key": undefined,
          "nodeType": "host",
          "props": Object {
            "children": <img
              alt="2"
              className="slide__img"
              src="img/carousel/t-shirt.png"
            />,
            "className": "slide__img-container",
          },
          "ref": null,
          "rendered": Object {
            "instance": null,
            "key": undefined,
            "nodeType": "host",
            "props": Object {
              "alt": "2",
              "className": "slide__img",
              "src": "img/carousel/t-shirt.png",
            },
            "ref": null,
            "rendered": null,
            "type": "img",
          },
          "type": "div",
        },
        Object {
          "instance": null,
          "key": undefined,
          "nodeType": "host",
          "props": Object {
            "children": Array [
              <div
                className="slide__title"
              >
                2
              </div>,
              <div
                className="slide__description"
              >
                Lorem ipsum dolor sit amet consectetur, adipisicing elit.
              </div>,
              <button
                className="slide__btn"
                name="shop-now"
                type="button"
              >
                shop now
              </button>,
            ],
            "className": "slide__info",
          },
          "ref": null,
          "rendered": Array [
            Object {
              "instance": null,
              "key": undefined,
              "nodeType": "host",
              "props": Object {
                "children": "2",
                "className": "slide__title",
              },
              "ref": null,
              "rendered": "2",
              "type": "div",
            },
            Object {
              "instance": null,
              "key": undefined,
              "nodeType": "host",
              "props": Object {
                "children": "Lorem ipsum dolor sit amet consectetur, adipisicing elit.",
                "className": "slide__description",
              },
              "ref": null,
              "rendered": "Lorem ipsum dolor sit amet consectetur, adipisicing elit.",
              "type": "div",
            },
            Object {
              "instance": null,
              "key": undefined,
              "nodeType": "host",
              "props": Object {
                "children": "shop now",
                "className": "slide__btn",
                "name": "shop-now",
                "type": "button",
              },
              "ref": null,
              "rendered": "shop now",
              "type": "button",
            },
          ],
          "type": "div",
        },
      ],
      "type": "div",
    },
  ],
  Symbol(enzyme.__options__): Object {
    "adapter": ReactSixteenAdapter {
      "options": Object {
        "enableComponentDidUpdateOnSetState": true,
        "lifecycles": Object {
          "componentDidUpdate": Object {
            "onSetState": true,
          },
          "getDerivedStateFromProps": true,
          "getSnapshotBeforeUpdate": true,
          "setState": Object {
            "skipsComponentDidUpdateOnNullish": true,
          },
        },
      },
    },
  },
}
`;
